---
source: src/heap_flash.rs
expression: d
---
...
0001E240 | 00 01 02 03 04 05 06 07 08 09 0A 0B 0C 0D 0E 0F 
0001E250 | 10 11 12 13 14 15 16 17 18 19 1A 1B 1C 1D 1E 1F 
0001E260 | 20 21 22 23 24 25 26 27 28 29 2A 2B 2C 2D 2E 2F 
0001E270 | 30 31 32 33 34 35 36 37 38 39 3A 3B 3C 3D 3E 3F 
0001E280 | 40 41 42 43 44 45 46 47 48 49 4A 4B 4C 4D 4E 4F 
0001E290 | 50 51 52 53 54 55 56 57 58 59 5A 5B 5C 5D 5E 5F 
0001E2A0 | 60 61 62 63 64 65 66 67 68 69 6A 6B 6C 6D 6E 6F 
0001E2B0 | 70 71 72 73 74 75 76 77 78 79 7A 7B 7C 7D 7E 7F 
0001E2C0 | 80 81 82 83 84 85 86 87 88 89 8A 8B 8C 8D 8E 8F 
0001E2D0 | 90 91 92 93 94 95 96 97 98 99 9A 9B 9C 9D 9E 9F 
0001E2E0 | A0 A1 A2 A3 A4 A5 A6 A7 A8 A9 AA AB AC AD AE AF 
0001E2F0 | B0 B1 B2 B3 B4 B5 B6 B7 B8 B9 BA BB BC BD BE BF 
0001E300 | C0 C1 C2 C3 C4 C5 C6 C7 C8 C9 CA CB CC CD CE CF 
0001E310 | D0 D1 D2 D3 D4 D5 D6 D7 D8 D9 DA DB DC DD DE DF 
0001E320 | E0 E1 E2 E3 E4 E5 E6 E7 E8 E9 EA EB EC ED EE EF 
0001E330 | F0 F1 F2 F3 F4 F5 F6 F7 F8 F9 FA FB FC FD FE ff 
0001E340 | 00 01 02 03 04 05 06 07 08 09 0A 0B 0C 0D 0E 0F 
0001E350 | 10 11 12 13 14 15 16 17 18 19 1A 1B 1C 1D 1E 1F 
0001E360 | 20 21 22 23 24 25 26 27 28 29 2A 2B 2C 2D 2E 2F 
0001E370 | 30 31 32 33 34 35 36 37 38 39 3A 3B 3C 3D 3E 3F 
0001E380 | 40 41 42 43 44 45 46 47 48 49 4A 4B 4C 4D 4E 4F 
0001E390 | 50 51 52 53 54 55 56 57 58 59 5A 5B 5C 5D 5E 5F 
0001E3A0 | 60 61 62 63 64 65 66 67 68 69 6A 6B 6C 6D 6E 6F 
0001E3B0 | 70 71 72 73 74 75 76 77 78 79 7A 7B 7C 7D 7E 7F 
0001E3C0 | 80 81 82 83 84 85 86 87 88 89 8A 8B 8C 8D 8E 8F 
0001E3D0 | 90 91 92 93 94 95 96 97 98 99 9A 9B 9C 9D 9E 9F 
0001E3E0 | A0 A1 A2 A3 A4 A5 A6 A7 A8 A9 AA AB AC AD AE AF 
0001E3F0 | B0 B1 B2 B3 B4 B5 B6 B7 B8 B9 BA BB BC BD BE BF 
0001E400 | C0 C1 C2 C3 C4 C5 C6 C7 C8 C9 CA CB CC CD CE CF 
0001E410 | D0 D1 D2 D3 D4 D5 D6 D7 D8 D9 DA DB DC DD DE DF 
0001E420 | E0 E1 E2 E3 E4 E5 E6 E7 E8 E9 EA EB EC ED EE EF 
0001E430 | F0 F1 F2 F3 F4 F5 F6 F7 F8 F9 FA FB FC FD FE ff 
0001E440 | 00 01 02 03 04 05 06 07 08 09 0A 0B 0C 0D 0E 0F 
0001E450 | 10 11 12 13 14 15 16 17 18 19 1A 1B 1C 1D 1E 1F 
0001E460 | 20 21 22 23 24 25 26 27 28 29 2A 2B 2C 2D 2E 2F 
0001E470 | 30 31 32 33 34 35 36 37 38 39 3A 3B 3C 3D 3E 3F 
0001E480 | 40 41 42 43 44 45 46 47 48 49 4A 4B 4C 4D 4E 4F 
0001E490 | 50 51 52 53 54 55 56 57 58 59 5A 5B 5C 5D 5E 5F 
0001E4A0 | 60 61 62 63 64 65 66 67 68 69 6A 6B 6C 6D 6E 6F 
0001E4B0 | 70 71 72 73 74 75 76 77 78 79 7A 7B 7C 7D 7E 7F 
0001E4C0 | 80 81 82 83 84 85 86 87 88 89 8A 8B 8C 8D 8E 8F 
0001E4D0 | 90 91 92 93 94 95 96 97 98 99 9A 9B 9C 9D 9E 9F 
0001E4E0 | A0 A1 A2 A3 A4 A5 A6 A7 A8 A9 AA AB AC AD AE AF 
0001E4F0 | B0 B1 B2 B3 B4 B5 B6 B7 B8 B9 BA BB BC BD BE BF 
0001E500 | C0 C1 C2 C3 C4 C5 C6 C7 C8 C9 CA CB CC CD CE CF 
0001E510 | D0 D1 D2 D3 D4 D5 D6 D7 D8 D9 DA DB DC DD DE DF 
0001E520 | E0 E1 E2 E3 E4 E5 E6 E7 E8 E9 EA EB EC ED EE EF 
0001E530 | F0 F1 F2 F3 F4 F5 F6 F7 F8 F9 FA FB FC FD FE ff 
0001E540 | 00 01 02 03 04 05 06 07 08 09 0A 0B 0C 0D 0E 0F 
0001E550 | 10 11 12 13 14 15 16 17 18 19 1A 1B 1C 1D 1E 1F 
0001E560 | 20 21 22 23 24 25 26 27 28 29 2A 2B 2C 2D 2E 2F 
0001E570 | 30 31 32 33 34 35 36 37 38 39 3A 3B 3C 3D 3E 3F 
0001E580 | 40 41 42 43 44 45 46 47 48 49 4A 4B 4C 4D 4E 4F 
0001E590 | 50 51 52 53 54 55 56 57 58 59 5A 5B 5C 5D 5E 5F 
0001E5A0 | 60 61 62 63 64 65 66 67 68 69 6A 6B 6C 6D 6E 6F 
0001E5B0 | 70 71 72 73 74 75 76 77 78 79 7A 7B 7C 7D 7E 7F 
0001E5C0 | 80 81 82 83 84 85 86 87 88 89 8A 8B 8C 8D 8E 8F 
0001E5D0 | 90 91 92 93 94 95 96 97 98 99 9A 9B 9C 9D 9E 9F 
0001E5E0 | A0 A1 A2 A3 A4 A5 A6 A7 A8 A9 AA AB AC AD AE AF 
0001E5F0 | B0 B1 B2 B3 B4 B5 B6 B7 B8 B9 BA BB BC BD BE BF 
0001E600 | C0 C1 C2 C3 C4 C5 C6 C7 C8 C9 CA CB CC CD CE CF 
0001E610 | D0 D1 D2 D3 D4 D5 D6 D7 D8 D9 DA DB DC DD DE DF 
0001E620 | E0 E1 E2 E3 E4 E5 E6 E7 E8 E9 EA EB EC ED EE EF 
0001E630 | F0 F1 F2 F3 F4 F5 F6 F7 F8 F9 FA FB FC FD FE ff 
0001E640 | 00 01 02 03 04 05 06 07 08 09 0A 0B 0C 0D 0E 0F 
0001E650 | 10 11 12 13 14 15 16 17 18 19 1A 1B 1C 1D 1E 1F 
0001E660 | 20 21 22 23 24 25 26 27 28 29 2A 2B 2C 2D 2E 2F 
0001E670 | 30 31 32 33 34 35 36 37 38 39 3A 3B 3C 3D 3E 3F 
0001E680 | 40 41 42 43 44 45 46 47 48 49 4A 4B 4C 4D 4E 4F 
0001E690 | 50 51 52 53 54 55 56 57 58 59 5A 5B 5C 5D 5E 5F 
0001E6A0 | 60 61 62 63 64 65 66 67 68 69 6A 6B 6C 6D 6E 6F 
0001E6B0 | 70 71 72 73 74 75 76 77 78 79 7A 7B 7C 7D 7E 7F 
0001E6C0 | 80 81 82 83 84 85 86 87 88 89 8A 8B 8C 8D 8E 8F 
0001E6D0 | 90 91 92 93 94 95 96 97 98 99 9A 9B 9C 9D 9E 9F 
0001E6E0 | A0 A1 A2 A3 A4 A5 A6 A7 A8 A9 AA AB AC AD AE AF 
0001E6F0 | B0 B1 B2 B3 B4 B5 B6 B7 B8 B9 BA BB BC BD BE BF 
0001E700 | C0 C1 C2 C3 C4 C5 C6 C7 C8 C9 CA CB CC CD CE CF 
0001E710 | D0 D1 D2 D3 D4 D5 D6 D7 D8 D9 DA DB DC DD DE DF 
0001E720 | E0 E1 E2 E3 E4 E5 E6 E7 E8 E9 EA EB EC ED EE EF 
0001E730 | F0 F1 F2 F3 F4 F5 F6 F7 F8 F9 FA FB FC FD FE ff 
0001E740 | 00 01 02 03 04 05 06 07 08 09 0A 0B 0C 0D 0E 0F 
0001E750 | 10 11 12 13 14 15 16 17 18 19 1A 1B 1C 1D 1E 1F 
0001E760 | 20 21 22 23 24 25 26 27 28 29 2A 2B 2C 2D 2E 2F 
0001E770 | 30 31 32 33 34 35 36 37 38 39 3A 3B 3C 3D 3E 3F 
0001E780 | 40 41 42 43 44 45 46 47 48 49 4A 4B 4C 4D 4E 4F 
0001E790 | 50 51 52 53 54 55 56 57 58 59 5A 5B 5C 5D 5E 5F 
0001E7A0 | 60 61 62 63 64 65 66 67 68 69 6A 6B 6C 6D 6E 6F 
0001E7B0 | 70 71 72 73 74 75 76 77 78 79 7A 7B 7C 7D 7E 7F 
0001E7C0 | 80 81 82 83 84 85 86 87 88 89 8A 8B 8C 8D 8E 8F 
0001E7D0 | 90 91 92 93 94 95 96 97 98 99 9A 9B 9C 9D 9E 9F 
0001E7E0 | A0 A1 A2 A3 A4 A5 A6 A7 A8 A9 AA AB AC AD AE AF 
0001E7F0 | B0 B1 B2 B3 B4 B5 B6 B7 B8 B9 BA BB BC BD BE BF 
0001E800 | C0 C1 C2 C3 C4 C5 C6 C7 C8 C9 CA CB CC CD CE CF 
0001E810 | D0 D1 D2 D3 D4 D5 D6 D7 D8 D9 DA DB DC DD DE DF 
0001E820 | E0 E1 E2 E3 E4 E5 E6 E7 E8 E9 EA EB EC ED EE EF 
0001E830 | F0 F1 F2 F3 F4 F5 F6 F7 F8 F9 FA FB FC FD FE ff 
0001E840 | 00 01 02 03 04 05 06 07 08 09 0A 0B 0C 0D 0E 0F 
0001E850 | 10 11 12 13 14 15 16 17 18 19 1A 1B 1C 1D 1E 1F 
0001E860 | 20 21 22 23 24 25 26 27 28 29 2A 2B 2C 2D 2E 2F 
0001E870 | 30 31 32 33 34 35 36 37 38 39 3A 3B 3C 3D 3E 3F 
0001E880 | 40 41 42 43 44 45 46 47 48 49 4A 4B 4C 4D 4E 4F 
0001E890 | 50 51 52 53 54 55 56 57 58 59 5A 5B 5C 5D 5E 5F 
0001E8A0 | 60 61 62 63 64 65 66 67 68 69 6A 6B 6C 6D 6E 6F 
0001E8B0 | 70 71 72 73 74 75 76 77 78 79 7A 7B 7C 7D 7E 7F 
0001E8C0 | 80 81 82 83 84 85 86 87 88 89 8A 8B 8C 8D 8E 8F 
0001E8D0 | 90 91 92 93 94 95 96 97 98 99 9A 9B 9C 9D 9E 9F 
0001E8E0 | A0 A1 A2 A3 A4 A5 A6 A7 A8 A9 AA AB AC AD AE AF 
0001E8F0 | B0 B1 B2 B3 B4 B5 B6 B7 B8 B9 BA BB BC BD BE BF 
0001E900 | C0 C1 C2 C3 C4 C5 C6 C7 C8 C9 CA CB CC CD CE CF 
0001E910 | D0 D1 D2 D3 D4 D5 D6 D7 D8 D9 DA DB DC DD DE DF 
0001E920 | E0 E1 E2 E3 E4 E5 E6 E7 E8 E9 EA EB EC ED EE EF 
0001E930 | F0 F1 F2 F3 F4 F5 F6 F7 F8 F9 FA FB FC FD FE ff 
0001E940 | 00 01 02 03 04 05 06 07 08 09 0A 0B 0C 0D 0E 0F 
0001E950 | 10 11 12 13 14 15 16 17 18 19 1A 1B 1C 1D 1E 1F 
0001E960 | 20 21 22 23 24 25 26 27 28 29 2A 2B 2C 2D 2E 2F 
0001E970 | 30 31 32 33 34 35 36 37 38 39 3A 3B 3C 3D 3E 3F 
0001E980 | 40 41 42 43 44 45 46 47 48 49 4A 4B 4C 4D 4E 4F 
0001E990 | 50 51 52 53 54 55 56 57 58 59 5A 5B 5C 5D 5E 5F 
0001E9A0 | 60 61 62 63 64 65 66 67 68 69 6A 6B 6C 6D 6E 6F 
0001E9B0 | 70 71 72 73 74 75 76 77 78 79 7A 7B 7C 7D 7E 7F 
0001E9C0 | 80 81 82 83 84 85 86 87 88 89 8A 8B 8C 8D 8E 8F 
0001E9D0 | 90 91 92 93 94 95 96 97 98 99 9A 9B 9C 9D 9E 9F 
0001E9E0 | A0 A1 A2 A3 A4 A5 A6 A7 A8 A9 AA AB AC AD AE AF 
0001E9F0 | B0 B1 B2 B3 B4 B5 B6 B7 B8 B9 BA BB BC BD BE BF 
0001EA00 | C0 C1 C2 C3 C4 C5 C6 C7 C8 C9 CA CB CC CD CE CF 
0001EA10 | D0 D1 D2 D3 D4 D5 D6 D7 D8 D9 DA DB DC DD DE DF 
0001EA20 | E0 E1 E2 E3 E4 E5 E6 E7 E8 E9 EA EB EC ED EE EF 
0001EA30 | F0 F1 F2 F3 F4 F5 F6 F7 F8 F9 FA FB FC FD FE ff 
0001EA40 | 00 01 02 03 04 05 06 07 08 09 0A 0B 0C 0D 0E 0F 
0001EA50 | 10 11 12 13 14 15 16 17 18 19 1A 1B 1C 1D 1E 1F 
0001EA60 | 20 21 22 23 24 25 26 27 28 29 2A 2B 2C 2D 2E 2F 
0001EA70 | 30 31 32 33 34 35 36 37 38 39 3A 3B 3C 3D 3E 3F 
0001EA80 | 40 41 42 43 44 45 46 47 48 49 4A 4B 4C 4D 4E 4F 
0001EA90 | 50 51 52 53 54 55 56 57 58 59 5A 5B 5C 5D 5E 5F 
0001EAA0 | 60 61 62 63 64 65 66 67 68 69 6A 6B 6C 6D 6E 6F 
0001EAB0 | 70 71 72 73 74 75 76 77 78 79 7A 7B 7C 7D 7E 7F 
0001EAC0 | 80 81 82 83 84 85 86 87 88 89 8A 8B 8C 8D 8E 8F 
0001EAD0 | 90 91 92 93 94 95 96 97 98 99 9A 9B 9C 9D 9E 9F 
0001EAE0 | A0 A1 A2 A3 A4 A5 A6 A7 A8 A9 AA AB AC AD AE AF 
0001EAF0 | B0 B1 B2 B3 B4 B5 B6 B7 B8 B9 BA BB BC BD BE BF 
0001EB00 | C0 C1 C2 C3 C4 C5 C6 C7 C8 C9 CA CB CC CD CE CF 
0001EB10 | D0 D1 D2 D3 D4 D5 D6 D7 D8 D9 DA DB DC DD DE DF 
0001EB20 | E0 E1 E2 E3 E4 E5 E6 E7 E8 E9 EA EB EC ED EE EF 
0001EB30 | F0 F1 F2 F3 F4 F5 F6 F7 F8 F9 FA FB FC FD FE ff 
0001EB40 | 00 01 02 03 04 05 06 07 08 09 0A 0B 0C 0D 0E 0F 
0001EB50 | 10 11 12 13 14 15 16 17 18 19 1A 1B 1C 1D 1E 1F 
0001EB60 | 20 21 22 23 24 25 26 27 28 29 2A 2B 2C 2D 2E 2F 
0001EB70 | 30 31 32 33 34 35 36 37 38 39 3A 3B 3C 3D 3E 3F 
0001EB80 | 40 41 42 43 44 45 46 47 48 49 4A 4B 4C 4D 4E 4F 
0001EB90 | 50 51 52 53 54 55 56 57 58 59 5A 5B 5C 5D 5E 5F 
0001EBA0 | 60 61 62 63 64 65 66 67 68 69 6A 6B 6C 6D 6E 6F 
0001EBB0 | 70 71 72 73 74 75 76 77 78 79 7A 7B 7C 7D 7E 7F 
0001EBC0 | 80 81 82 83 84 85 86 87 88 89 8A 8B 8C 8D 8E 8F 
0001EBD0 | 90 91 92 93 94 95 96 97 98 99 9A 9B 9C 9D 9E 9F 
0001EBE0 | A0 A1 A2 A3 A4 A5 A6 A7 A8 A9 AA AB AC AD AE AF 
0001EBF0 | B0 B1 B2 B3 B4 B5 B6 B7 B8 B9 BA BB BC BD BE BF 
0001EC00 | C0 C1 C2 C3 C4 C5 C6 C7 C8 C9 CA CB CC CD CE CF 
0001EC10 | D0 D1 D2 D3 D4 D5 D6 D7 D8 D9 DA DB DC DD DE DF 
0001EC20 | E0 E1 E2 E3 E4 E5 E6 E7 E8 E9 EA EB EC ED EE EF 
0001EC30 | F0 F1 F2 F3 F4 F5 F6 F7 F8 F9 FA FB FC FD FE ff 
0001EC40 | 00 01 02 03 04 05 06 07 08 09 0A 0B 0C 0D 0E 0F 
0001EC50 | 10 11 12 13 14 15 16 17 18 19 1A 1B 1C 1D 1E 1F 
0001EC60 | 20 21 22 23 24 25 26 27 28 29 2A 2B 2C 2D 2E 2F 
0001EC70 | 30 31 32 33 34 35 36 37 38 39 3A 3B 3C 3D 3E 3F 
0001EC80 | 40 41 42 43 44 45 46 47 48 49 4A 4B 4C 4D 4E 4F 
0001EC90 | 50 51 52 53 54 55 56 57 58 59 5A 5B 5C 5D 5E 5F 
0001ECA0 | 60 61 62 63 64 65 66 67 68 69 6A 6B 6C 6D 6E 6F 
0001ECB0 | 70 71 72 73 74 75 76 77 78 79 7A 7B 7C 7D 7E 7F 
0001ECC0 | 80 81 82 83 84 85 86 87 88 89 8A 8B 8C 8D 8E 8F 
0001ECD0 | 90 91 92 93 94 95 96 97 98 99 9A 9B 9C 9D 9E 9F 
0001ECE0 | A0 A1 A2 A3 A4 A5 A6 A7 A8 A9 AA AB AC AD AE AF 
0001ECF0 | B0 B1 B2 B3 B4 B5 B6 B7 B8 B9 BA BB BC BD BE BF 
0001ED00 | C0 C1 C2 C3 C4 C5 C6 C7 C8 C9 CA CB CC CD CE CF 
0001ED10 | D0 D1 D2 D3 D4 D5 D6 D7 D8 D9 DA DB DC DD DE DF 
0001ED20 | E0 E1 E2 E3 E4 E5 E6 E7 E8 E9 EA EB EC ED EE EF 
0001ED30 | F0 F1 F2 F3 F4 F5 F6 F7 F8 F9 FA FB FC FD FE ff 
0001ED40 | 00 01 02 03 04 05 06 07 08 09 0A 0B 0C 0D 0E 0F 
0001ED50 | 10 11 12 13 14 15 16 17 18 19 1A 1B 1C 1D 1E 1F 
0001ED60 | 20 21 22 23 24 25 26 27 28 29 2A 2B 2C 2D 2E 2F 
0001ED70 | 30 31 32 33 34 35 36 37 38 39 3A 3B 3C 3D 3E 3F 
0001ED80 | 40 41 42 43 44 45 46 47 48 49 4A 4B 4C 4D 4E 4F 
0001ED90 | 50 51 52 53 54 55 56 57 58 59 5A 5B 5C 5D 5E 5F 
0001EDA0 | 60 61 62 63 64 65 66 67 68 69 6A 6B 6C 6D 6E 6F 
0001EDB0 | 70 71 72 73 74 75 76 77 78 79 7A 7B 7C 7D 7E 7F 
0001EDC0 | 80 81 82 83 84 85 86 87 88 89 8A 8B 8C 8D 8E 8F 
0001EDD0 | 90 91 92 93 94 95 96 97 98 99 9A 9B 9C 9D 9E 9F 
0001EDE0 | A0 A1 A2 A3 A4 A5 A6 A7 A8 A9 AA AB AC AD AE AF 
0001EDF0 | B0 B1 B2 B3 B4 B5 B6 B7 B8 B9 BA BB BC BD BE BF 
0001EE00 | C0 C1 C2 C3 C4 C5 C6 C7 C8 C9 CA CB CC CD CE CF 
0001EE10 | D0 D1 D2 D3 D4 D5 D6 D7 D8 D9 DA DB DC DD DE DF 
0001EE20 | E0 E1 E2 E3 E4 E5 E6 E7 E8 E9 EA EB EC ED EE EF 
0001EE30 | F0 F1 F2 F3 F4 F5 F6 F7 F8 F9 FA FB FC FD FE ff 
0001EE40 | 00 01 02 03 04 05 06 07 08 09 0A 0B 0C 0D 0E 0F 
0001EE50 | 10 11 12 13 14 15 16 17 18 19 1A 1B 1C 1D 1E 1F 
0001EE60 | 20 21 22 23 24 25 26 27 28 29 2A 2B 2C 2D 2E 2F 
0001EE70 | 30 31 32 33 34 35 36 37 38 39 3A 3B 3C 3D 3E 3F 
0001EE80 | 40 41 42 43 44 45 46 47 48 49 4A 4B 4C 4D 4E 4F 
0001EE90 | 50 51 52 53 54 55 56 57 58 59 5A 5B 5C 5D 5E 5F 
0001EEA0 | 60 61 62 63 64 65 66 67 68 69 6A 6B 6C 6D 6E 6F 
0001EEB0 | 70 71 72 73 74 75 76 77 78 79 7A 7B 7C 7D 7E 7F 
0001EEC0 | 80 81 82 83 84 85 86 87 88 89 8A 8B 8C 8D 8E 8F 
0001EED0 | 90 91 92 93 94 95 96 97 98 99 9A 9B 9C 9D 9E 9F 
0001EEE0 | A0 A1 A2 A3 A4 A5 A6 A7 A8 A9 AA AB AC AD AE AF 
0001EEF0 | B0 B1 B2 B3 B4 B5 B6 B7 B8 B9 BA BB BC BD BE BF 
0001EF00 | C0 C1 C2 C3 C4 C5 C6 C7 C8 C9 CA CB CC CD CE CF 
0001EF10 | D0 D1 D2 D3 D4 D5 D6 D7 D8 D9 DA DB DC DD DE DF 
0001EF20 | E0 E1 E2 E3 E4 E5 E6 E7 E8 E9 EA EB EC ED EE EF 
0001EF30 | F0 F1 F2 F3 F4 F5 F6 F7 F8 F9 FA FB FC FD FE ff 
0001EF40 | 00 01 02 03 04 05 06 07 08 09 0A 0B 0C 0D 0E 0F 
0001EF50 | 10 11 12 13 14 15 16 17 18 19 1A 1B 1C 1D 1E 1F 
0001EF60 | 20 21 22 23 24 25 26 27 28 29 2A 2B 2C 2D 2E 2F 
0001EF70 | 30 31 32 33 34 35 36 37 38 39 3A 3B 3C 3D 3E 3F 
0001EF80 | 40 41 42 43 44 45 46 47 48 49 4A 4B 4C 4D 4E 4F 
0001EF90 | 50 51 52 53 54 55 56 57 58 59 5A 5B 5C 5D 5E 5F 
0001EFA0 | 60 61 62 63 64 65 66 67 68 69 6A 6B 6C 6D 6E 6F 
0001EFB0 | 70 71 72 73 74 75 76 77 78 79 7A 7B 7C 7D 7E 7F 
0001EFC0 | 80 81 82 83 84 85 86 87 88 89 8A 8B 8C 8D 8E 8F 
0001EFD0 | 90 91 92 93 94 95 96 97 98 99 9A 9B 9C 9D 9E 9F 
0001EFE0 | A0 A1 A2 A3 A4 A5 A6 A7 A8 A9 AA AB AC AD AE AF 
0001EFF0 | B0 B1 B2 B3 B4 B5 B6 B7 B8 B9 BA BB BC BD BE BF 
0001F000 | C0 C1 C2 C3 C4 C5 C6 C7 C8 C9 CA CB CC CD CE CF 
0001F010 | D0 D1 D2 D3 D4 D5 D6 D7 D8 D9 DA DB DC DD DE DF 
0001F020 | E0 E1 E2 E3 E4 E5 E6 E7 E8 E9 EA EB EC ED EE EF 
0001F030 | F0 F1 F2 F3 F4 F5 F6 F7 F8 F9 FA FB FC FD FE ff 
0001F040 | 00 01 02 03 04 05 06 07 08 09 0A 0B 0C 0D 0E 0F 
0001F050 | 10 11 12 13 14 15 16 17 18 19 1A 1B 1C 1D 1E 1F 
0001F060 | 20 21 22 23 24 25 26 27 28 29 2A 2B 2C 2D 2E 2F 
0001F070 | 30 31 32 33 34 35 36 37 38 39 3A 3B 3C 3D 3E 3F 
0001F080 | 40 41 42 43 44 45 46 47 48 49 4A 4B 4C 4D 4E 4F 
0001F090 | 50 51 52 53 54 55 56 57 58 59 5A 5B 5C 5D 5E 5F 
0001F0A0 | 60 61 62 63 64 65 66 67 68 69 6A 6B 6C 6D 6E 6F 
0001F0B0 | 70 71 72 73 74 75 76 77 78 79 7A 7B 7C 7D 7E 7F 
0001F0C0 | 80 81 82 83 84 85 86 87 88 89 8A 8B 8C 8D 8E 8F 
0001F0D0 | 90 91 92 93 94 95 96 97 98 99 9A 9B 9C 9D 9E 9F 
0001F0E0 | A0 A1 A2 A3 A4 A5 A6 A7 A8 A9 AA AB AC AD AE AF 
0001F0F0 | B0 B1 B2 B3 B4 B5 B6 B7 B8 B9 BA BB BC BD BE BF 
0001F100 | C0 C1 C2 C3 C4 C5 C6 C7 C8 C9 CA CB CC CD CE CF 
0001F110 | D0 D1 D2 D3 D4 D5 D6 D7 D8 D9 DA DB DC DD DE DF 
0001F120 | E0 E1 E2 E3 E4 E5 E6 E7 E8 E9 EA EB EC ED EE EF 
0001F130 | F0 F1 F2 F3 F4 F5 F6 F7 F8 F9 FA FB FC FD FE ff 
0001F140 | 00 01 02 03 04 05 06 07 08 09 0A 0B 0C 0D 0E 0F 
0001F150 | 10 11 12 13 14 15 16 17 18 19 1A 1B 1C 1D 1E 1F 
0001F160 | 20 21 22 23 24 25 26 27 28 29 2A 2B 2C 2D 2E 2F 
0001F170 | 30 31 32 33 34 35 36 37 38 39 3A 3B 3C 3D 3E 3F 
0001F180 | 40 41 42 43 44 45 46 47 48 49 4A 4B 4C 4D 4E 4F 
0001F190 | 50 51 52 53 54 55 56 57 58 59 5A 5B 5C 5D 5E 5F 
0001F1A0 | 60 61 62 63 64 65 66 67 68 69 6A 6B 6C 6D 6E 6F 
0001F1B0 | 70 71 72 73 74 75 76 77 78 79 7A 7B 7C 7D 7E 7F 
0001F1C0 | 80 81 82 83 84 85 86 87 88 89 8A 8B 8C 8D 8E 8F 
0001F1D0 | 90 91 92 93 94 95 96 97 98 99 9A 9B 9C 9D 9E 9F 
0001F1E0 | A0 A1 A2 A3 A4 A5 A6 A7 A8 A9 AA AB AC AD AE AF 
0001F1F0 | B0 B1 B2 B3 B4 B5 B6 B7 B8 B9 BA BB BC BD BE BF 
0001F200 | C0 C1 C2 C3 C4 C5 C6 C7 C8 C9 CA CB CC CD CE CF 
0001F210 | D0 D1 D2 D3 D4 D5 D6 D7 D8 D9 DA DB DC DD DE DF 
0001F220 | E0 E1 E2 E3 E4 E5 E6 E7 E8 E9 EA EB EC ED EE EF 
0001F230 | F0 F1 F2 F3 F4 F5 F6 F7 F8 F9 FA FB FC FD FE ff 

