---
source: tests/interop.rs
expression: all_done
---
00000000 | 00 00 00 00 00 00 00 00 30 00 00 00 15 00 00 00 
00000010 | 44 44 44 44 ff ff ff ff ff ff ff ff ff ff ff ff 
...
00000400 | 33 33 33 33 33 33 33 33 33 33 33 33 33 33 33 33 
00000410 | 33 33 33 33 33 ff ff ff ff ff ff ff ff ff ff ff 
...
00000C00 | 6A B8 00 4D 25 18 2F 58 65 89 6B AF 34 E0 07 AB 
00000C10 | 6A 8E 24 33 CC F7 50 B1 DF E4 16 0A 2B E0 19 6B 
00000C20 | F4 88 B0 50 AF D5 05 BF FC BF 48 C9 1A 72 E8 4B 
00000C30 | 49 21 05 AD 36 44 7D 0E 92 25 96 B2 1A 6A B1 6A 
00000C40 | 0D 89 A9 83 F1 96 E6 23 24 CE 65 2A ED 59 BF B9 
00000C50 | E1 9F BF 59 45 E4 6D F6 A9 9F 1D F2 73 93 68 3C 
00000C60 | E6 92 01 9D 53 86 E2 5B E8 9F 04 ED B0 FE 2C 23 
00000C70 | EE B2 11 C1 C0 EB B5 20 05 07 07 3F DB 89 8D D7 
00000C80 | 20 47 95 F7 8F 05 CC 3B CE 63 DC BF 8E 23 0F 1F 
00000C90 | 0B 1B 3A B6 8F 03 12 F7 91 34 40 BE 32 94 F7 D8 
00000CA0 | 3D 7E 9E D3 28 05 12 7C 9B 91 51 FC 94 61 8C BE 
00000CB0 | AB 44 11 5E A1 36 C0 11 42 CD 31 A3 86 EC 43 11 
00000CC0 | BB C5 E7 EE 04 3C 9D F2 F2 8E E9 A4 63 7C 9A 8C 
00000CD0 | EC EA 65 F6 2C 20 22 81 05 F2 D3 04 2D 55 21 CE 
00000CE0 | 58 F0 94 E0 D7 E7 75 8B CC 49 7D 99 04 97 6F CE 
00000CF0 | 50 E4 93 2F C9 9C 0E 6B AD EA 00 F9 60 F8 9A D3 
00000D00 | 93 A0 49 96 BF DB C1 B2 DC 52 AB 73 61 69 66 51 
00000D10 | 9F 6E F8 AD 33 6D 58 CB E0 E6 A9 45 40 DA 87 CD 
00000D20 | 92 BB 84 C5 91 77 57 11 60 14 FB 2E CF DF B0 91 
00000D30 | 29 77 58 39 97 50 EA E8 42 1C 31 7F BA 35 3F D9 
00000D40 | 6A 9D 3C 1A 84 7A 27 9F 8B A7 25 C0 39 84 C8 06 
00000D50 | 53 DF D7 89 DD F2 D3 DA 19 A6 B3 9C CC 09 C4 BB 
00000D60 | 42 42 A1 58 CB 72 C8 FD 4D 24 E6 8A F9 A2 FD 8B 
00000D70 | 86 23 5B 07 29 BE 08 5D DC B1 B0 30 71 94 FC 34 
00000D80 | 3F 43 BF 75 0F 82 36 CC 4C 07 97 D7 61 BF 82 8A 
00000D90 | F5 CD 08 B5 77 F2 38 44 15 6D 1C A2 CD B2 C3 57 
00000DA0 | D8 6D D2 A0 25 14 05 11 75 1D 07 C0 65 BE 73 73 
00000DB0 | 7A 79 CD 67 E7 09 C5 20 9E 03 89 01 F3 E7 CB E9 
00000DC0 | 25 28 30 9F E7 FC B5 BB E8 66 40 2C 1E CF 25 43 
00000DD0 | D1 4F FB 44 88 50 E8 5D 6F 83 EF 08 B7 E3 07 85 
00000DE0 | 53 DB 8E B0 73 A0 4A 02 93 4F 84 EA 6D 3F 5F EE 
00000DF0 | EF D7 EB 3A 16 3A 50 2D 9B 69 D0 2F B3 3D 92 59 
00000E00 | 0F 3A A9 7F 84 2D 92 FE D0 98 F9 E6 98 08 18 11 
00000E10 | 73 60 F9 2B F8 C4 D2 A1 AB 7A 03 5A 7D BA 78 75 
00000E20 | 23 03 C1 52 FB 38 56 86 C0 76 20 50 81 AC C4 21 
00000E30 | 06 84 CF 03 AB AF 73 E9 A4 01 7C DB D4 A6 AC 94 
00000E40 | 46 8F AB 5A DA 32 BF 4A C5 6D CE 5A 36 C4 4F BB 
00000E50 | BE 38 37 33 24 60 07 1C AC CC 15 3B 35 EA B5 8D 
00000E60 | 4E D5 6F EB B4 7A 20 F9 29 34 6E 67 25 BA 30 A4 
00000E70 | C0 36 99 BF A3 98 4B BB F1 6D C7 0E D5 31 65 4D 
00000E80 | 14 E7 5E 87 7E 22 35 13 82 43 5B 1C C9 1B FB 2D 
00000E90 | 92 0B C9 30 87 BD 26 8D 37 C2 B8 2D DC 05 DB 8F 
00000EA0 | 67 C1 B7 FC 47 01 EE DB BA 84 B4 C7 60 C4 BF 9C 
00000EB0 | 66 B2 01 C6 E5 3D 1F 38 4D E1 8B 49 23 4A 9D 53 
00000EC0 | 75 71 D3 6D 58 AC 38 77 50 A0 E0 72 C8 75 A7 22 
00000ED0 | 6E E8 9A C4 81 7F D7 11 92 F0 84 32 D8 40 B3 8A 
00000EE0 | F2 9F D6 02 FC 14 52 F1 02 D2 DC 70 41 CD 7A 22 
00000EF0 | ED E4 7D DA 6B AE 65 81 30 F6 4B 1A 25 04 B7 90 
00000F00 | CB 81 CA B1 C6 68 A5 2E 52 2C 68 3E 68 F9 52 FB 
00000F10 | A2 60 DB 9E 40 CA 6E 5B 54 B2 45 CE 4B 8B 7C DA 
00000F20 | E3 2F 95 E5 72 EB 47 9B AE 3A 04 6A EF 57 C7 2D 
00000F30 | 57 25 B7 B2 B0 41 B1 3A 6C 5F 5B 0F A1 B4 9C A5 
00000F40 | 2B 26 83 DF 2F 76 6D 7F 29 57 43 D7 CC 6D 9B 25 
00000F50 | 82 4C DB AB A2 20 78 FC F2 A4 27 A3 90 78 6D 99 
00000F60 | D9 C0 94 EC 11 FD 0E 33 6C 1B 9F 0C 49 10 B3 AA 
00000F70 | 61 30 BE 57 CB 7C 86 07 A4 59 3A 6F 62 78 FA 5D 
00000F80 | C5 8D E3 5B 3F E8 0B F2 8E 60 FE 0F 84 08 92 2E 
00000F90 | A1 FA DF 73 B5 C6 7E 87 26 5E 24 B9 7A 72 E2 87 
00000FA0 | 68 45 12 6B 07 4A 80 F6 1C AC 7F C6 25 15 66 CB 
00000FB0 | 31 C4 4A 37 04 66 61 A8 12 27 04 1D A6 67 52 8E 
00000FC0 | FD D5 B2 EA 0A 12 79 59 EF 7D 8A E4 72 E0 41 46 
00000FD0 | 54 8C 38 AB 24 18 DE 3C 62 92 86 13 DF F3 CF 48 
00000FE0 | 87 57 8D 00 00 00 00 00 00 00 00 00 00 00 00 00 
...
00040000 | 01 00 00 00 01 00 00 00 30 00 00 00 00 08 00 00 
00040010 | 44 44 44 44 ff ff ff ff ff ff ff ff ff ff ff ff 

