---
source: tests/interop.rs
expression: blank_to_start
---
00000000 | 00 00 00 00 00 00 00 00 30 00 00 00 15 00 00 00 
...
00040000 | 01 00 00 00 01 00 00 00 30 00 00 00 00 08 00 00 

