---
source: tests/interop.rs
expression: blank_to_start
---
00000000 | 00 00 00 00 00 00 00 00 ff ff ff ff 30 00 00 00 
00000010 | 15 00 00 00 AF AF AF AF AF AF AF AF AF AF AF AF 
00000020 | AF AF AF AF AF AF AF AF AF AF AF AF AF AF AF AF 
00000030 | AF AF AF AF AF AF AF AF AF AF AF AF AF AF AF AF 
00000040 | AF AF AF AF AF AF AF AF AF AF AF AF AF AF AF AF 
00000050 | AF AF AF AF 78 56 34 12 ff ff ff ff ff ff ff ff 
...
00040000 | 01 00 00 00 01 00 00 00 ff ff ff ff 30 00 00 00 
00040010 | 05 00 00 00 AF AF AF AF AF AF AF AF AF AF AF AF 
00040020 | AF AF AF AF AF AF AF AF AF AF AF AF AF AF AF AF 
00040030 | AF AF AF AF AF AF AF AF AF AF AF AF AF AF AF AF 
00040040 | AF AF AF AF AF AF AF AF AF AF AF AF AF AF AF AF 
00040050 | AF AF AF AF 78 56 34 12 ff ff ff ff ff ff ff ff 

