---
source: tests/manager-tests.rs
expression: blank_to_start
---
00000000 | 00 00 00 00 00 00 00 00 80 00 00 00 40 00 00 00 
...
00040000 | 01 00 00 00 01 00 00 00 80 00 00 00 00 40 00 00 

