---
source: tests/protocol-tests.rs
expression: "&format!(\"{scratch:02X?}\")"
---
[00, 00, 00, 00, 78, 56, 34, 12, 00, 01, 00, 00, 00, 40, 00, 00, 44, 44, 44, 44, 11, 11, 11, 11, 90, 78, EF, CD]
