---
source: src/manager.rs
expression: flash.dump_to_string()
---
00000000 | 00 00 00 00 00 00 00 00 80 00 00 00 40 00 00 00 
00000010 | 44 44 44 44 11 11 11 11 34 12 CD AB ff ff ff ff 
...
00040000 | 00 00 00 00 01 00 00 00 80 00 00 00 40 00 00 00 
00040010 | 44 44 44 44 11 11 11 11 34 12 CD AB ff ff ff ff 
...
00080000 | 00 00 00 00 02 00 00 00 80 00 00 00 40 00 00 00 
00080010 | 44 44 44 44 11 11 11 11 34 12 CD AB ff ff ff ff 
...
000C0000 | 00 00 00 00 03 00 00 00 80 00 00 00 40 00 00 00 
000C0010 | 44 44 44 44 11 11 11 11 34 12 CD AB ff ff ff ff 

